2026-09-07 04:41:28 [INFO] process: Loading reviews from C:\Users\i_am_fuch\Desktop\agentic-rag-for-rcm-sys\data\raw\steam\steam_reviews.json.gz
2026-09-07 04:54:11 [INFO] process: Loading games from C:\Users\i_am_fuch\Desktop\agentic-rag-for-rcm-sys\data\raw\steam\steam_games.json.gz
2026-09-07 04:54:15 [INFO] process: Shape of reviews: (7793069, 12)
2026-09-07 04:54:15 [INFO] process: Shape of games: (32135, 16)
2026-09-07 04:54:15 [INFO] process: Games after dropping missing id/app_name: (32132, 16)
2026-09-07 04:54:26 [INFO] process: Keeping first interaction per duplicated review, begin: (0, 3)
2026-09-07 04:54:26 [INFO] process: After keep-first filter: (0, 3)
2026-09-07 04:54:26 [INFO] process: k-core filtering (user_k=5, item_k=5), begin: (0, 3)
2026-09-07 04:54:26 [INFO] process: Iter 0: users 0/0, items 0/0
2026-09-07 04:54:26 [INFO] process: After k-core filter: (0, 3)
2026-09-07 04:54:26 [INFO] process: Mapping user and item ids to contiguous integers
2026-09-07 04:54:26 [INFO] process: Saved id maps to C:\Users\i_am_fuch\Desktop\agentic-rag-for-rcm-sys\data\processed\steam\chatbot\map.json
2026-09-07 04:54:26 [INFO] process: Saved splits to C:\Users\i_am_fuch\Desktop\agentic-rag-for-rcm-sys\data\processed\steam\chatbot (train=0, valid=0, test=0, full_history=0)
2026-09-07 04:55:31 [INFO] process: Saved product table (0 items) to C:\Users\i_am_fuch\Desktop\agentic-rag-for-rcm-sys\data\processed\steam\chatbot
2026-09-07 04:55:33 [INFO] process: Saved product table (0 items) to C:\Users\i_am_fuch\Desktop\agentic-rag-for-rcm-sys\data\processed\steam\chatbot
2026-09-07 04:55:33 [INFO] process: Saved 0 records to C:\Users\i_am_fuch\Desktop\agentic-rag-for-rcm-sys\data\processed\steam\chatbot\simulator_test_data_0.jsonl
2026-09-07 04:55:33 [INFO] process: Pipeline complete.
2026-09-07 04:56:48 [INFO] process: Loading reviews from C:\Users\i_am_fuch\Desktop\agentic-rag-for-rcm-sys\data\raw\steam\steam_reviews.json.gz
2026-09-07 05:09:30 [INFO] process: Loading games from C:\Users\i_am_fuch\Desktop\agentic-rag-for-rcm-sys\data\raw\steam\steam_games.json.gz
2026-09-07 05:09:34 [INFO] process: Shape of reviews: (7793069, 12)
2026-09-07 05:09:34 [INFO] process: Shape of games: (32135, 16)
2026-09-07 05:09:35 [INFO] process: Games after dropping missing id/app_name: (32132, 16)
2026-09-07 05:09:46 [INFO] process: Keeping first interaction per duplicated review, begin: (0, 3)
2026-09-07 05:09:46 [INFO] process: After keep-first filter: (0, 3)
2026-09-07 05:09:46 [INFO] process: k-core filtering (user_k=0, item_k=0), begin: (0, 3)
2026-09-07 05:09:46 [INFO] process: Iter 0: users 0/0, items 0/0
2026-09-07 05:09:46 [INFO] process: After k-core filter: (0, 3)
2026-09-07 05:09:46 [INFO] process: Mapping user and item ids to contiguous integers
2026-09-07 05:09:46 [INFO] process: Saved id maps to C:\Users\i_am_fuch\Desktop\agentic-rag-for-rcm-sys\data\processed\steam\chatbot\map.json
2026-09-07 05:09:47 [INFO] process: Saved splits to C:\Users\i_am_fuch\Desktop\agentic-rag-for-rcm-sys\data\processed\steam\chatbot (train=0, valid=0, test=0, full_history=0)
2026-09-07 05:09:47 [INFO] process: Saved product table (0 items) to C:\Users\i_am_fuch\Desktop\agentic-rag-for-rcm-sys\data\processed\steam\chatbot
2026-09-07 05:09:47 [INFO] process: Saved 0 records to C:\Users\i_am_fuch\Desktop\agentic-rag-for-rcm-sys\data\processed\steam\chatbot\simulator_test_data_0.jsonl
2026-09-07 05:09:47 [INFO] process: Pipeline complete.
2026-09-07 05:10:23 [INFO] process: Keeping first interaction per duplicated review, begin: (0, 3)
2026-09-07 05:10:23 [INFO] process: After keep-first filter: (0, 3)
2026-09-07 05:10:23 [INFO] process: k-core filtering (user_k=0, item_k=0), begin: (0, 3)
2026-09-07 05:10:23 [INFO] process: Iter 0: users 0/0, items 0/0
2026-09-07 05:10:23 [INFO] process: After k-core filter: (0, 3)
2026-09-07 05:10:23 [INFO] process: Mapping user and item ids to contiguous integers
2026-09-07 05:10:23 [INFO] process: Saved id maps to C:\Users\i_am_fuch\Desktop\agentic-rag-for-rcm-sys\data\processed\steam\chatbot\map.json
2026-09-07 05:10:23 [INFO] process: Saved splits to C:\Users\i_am_fuch\Desktop\agentic-rag-for-rcm-sys\data\processed\steam\chatbot (train=0, valid=0, test=0, full_history=0)
2026-09-07 05:10:24 [INFO] process: Saved product table (0 items) to C:\Users\i_am_fuch\Desktop\agentic-rag-for-rcm-sys\data\processed\steam\chatbot
2026-09-07 05:10:24 [INFO] process: Saved 0 records to C:\Users\i_am_fuch\Desktop\agentic-rag-for-rcm-sys\data\processed\steam\chatbot\simulator_test_data_0.jsonl
2026-09-07 05:10:24 [INFO] process: Pipeline complete.
2026-09-07 05:16:39 [INFO] process: Loading reviews from C:\Users\i_am_fuch\Desktop\agentic-rag-for-rcm-sys\data\raw\steam\steam_reviews.json.gz
2026-09-07 05:29:31 [INFO] process: Loading games from C:\Users\i_am_fuch\Desktop\agentic-rag-for-rcm-sys\data\raw\steam\steam_games.json.gz
2026-09-07 05:29:36 [INFO] process: Shape of reviews: (7793069, 12)
2026-09-07 05:29:36 [INFO] process: Shape of games: (32135, 16)
2026-09-07 05:29:36 [INFO] process: Games after dropping missing id/app_name: (32132, 16)
2026-09-07 05:29:54 [INFO] process: Keeping first interaction per duplicated review, begin: (7793069, 3)
2026-09-07 05:30:10 [INFO] process: After keep-first filter: (6889728, 3)
2026-09-07 05:30:10 [INFO] process: k-core filtering (user_k=5, item_k=5), begin: (6889728, 3)
2026-09-07 05:30:18 [INFO] process: Iter 0: users 281645/2567538, items 11978/15474
2026-09-07 05:30:22 [INFO] process: Iter 1: users 281214/281645, items 11961/11978
2026-09-07 05:30:27 [INFO] process: Iter 2: users 281210/281214, items 11961/11961
2026-09-07 05:30:31 [INFO] process: Iter 3: users 281210/281210, items 11961/11961
2026-09-07 05:30:31 [INFO] process: After k-core filter: (3484694, 3)
2026-09-07 05:30:31 [INFO] process: Mapping user and item ids to contiguous integers
2026-09-07 05:30:36 [INFO] process: Saved id maps to C:\Users\i_am_fuch\Desktop\agentic-rag-for-rcm-sys\data\processed\steam\chatbot\map.json
2026-09-07 05:30:46 [INFO] process: Saved splits to C:\Users\i_am_fuch\Desktop\agentic-rag-for-rcm-sys\data\processed\steam\chatbot (train=2922274, valid=281210, test=281210, full_history=3203484)
2026-09-07 05:34:24 [INFO] process: Loading reviews from C:\Users\i_am_fuch\Desktop\agentic-rag-for-rcm-sys\data\raw\steam\steam_reviews.json.gz
2026-09-07 05:47:13 [INFO] process: Loading games from C:\Users\i_am_fuch\Desktop\agentic-rag-for-rcm-sys\data\raw\steam\steam_games.json.gz
2026-09-07 05:47:17 [INFO] process: Shape of reviews: (7793069, 12)
2026-09-07 05:47:17 [INFO] process: Shape of games: (32135, 15)
